
> folhapro@0.1.0 build
> next build

   Ôû▓ Next.js 15.5.12
   - Environments: .env

   Creating an optimized production build ...
node.exe : [Error 
[CssSyntaxError]: C:\PR
OJETOS\pepacorp\systemp
eppa\src\app\globals.cs
s:2:36941: Missed 
semicolon] {
No linha:1 caractere:1
+ & "C:\Program 
Files\nodejs/node.exe" 
"C:\Program 
Files\nodejs/node_mo 
...
+ ~~~~~~~~~~~~~~~~~~~~~
~~~~~~~~~~~~~~~~~~~~~~~
~~~~~~~~~~~~~~~~~~~~~~~
~~
    + CategoryInfo     
         : NotSpecifi  
  ed: ([Error [CssSy   
 nt...ed semicolon]    
 {:String) [], Rem    
oteException
    + FullyQualifiedEr 
   rorId : NativeComm  
  andError
 
  reason: 'Missed 
semicolon',
  file: 'C:\\PROJETOS\\
pepacorp\\systempeppa\\
src\\app\\globals.css',
  source: '/*! 
tailwindcss v4.2.1 | 
MIT License | https://t
ailwindcss.com */\n' +
    '@layer 
properties{@supports ((
(-webkit-hyphens:none))
 and (not 
(margin-trim:inline))) 
or 
((-moz-orient:inline) 
and (not 
(color:rgb(from red r 
g b)))){*,:before,:afte
r,::backdrop{--tw-trans
late-x:0;--tw-translate
-y:0;--tw-translate-z:0
;--tw-rotate-x:initial;
--tw-rotate-y:initial;-
-tw-rotate-z:initial;--
tw-skew-x:initial;--tw-
skew-y:initial;--tw-spa
ce-y-reverse:0;--tw-spa
ce-x-reverse:0;--tw-div
ide-y-reverse:0;--tw-bo
rder-style:solid;--tw-g
radient-position:initia
l;--tw-gradient-from:#0
000;--tw-gradient-via:#
0000;--tw-gradient-to:#
0000;--tw-gradient-stop
s:initial;--tw-gradient
-via-stops:initial;--tw
-gradient-from-position
:0%;--tw-gradient-via-p
osition:50%;--tw-gradie
nt-to-position:100%;--t
w-leading:initial;--tw-
font-weight:initial;--t
w-tracking:initial;--tw
-shadow:0 0 #0000;--tw-
shadow-color:initial;--
tw-shadow-alpha:100%;--
tw-inset-shadow:0 0 #00
00;--tw-inset-shadow-co
lor:initial;--tw-inset-
shadow-alpha:100%;--tw-
ring-color:initial;--tw
-ring-shadow:0 0 #0000;
--tw-inset-ring-color:i
nitial;--tw-inset-ring-
shadow:0 0 #0000;--tw-r
ing-inset:initial;--tw-
ring-offset-width:0px;-
-tw-ring-offset-color:#
fff;--tw-ring-offset-sh
adow:0 0 #0000;--tw-out
line-style:solid;--tw-b
lur:initial;--tw-bright
ness:initial;--tw-contr
ast:initial;--tw-graysc
ale:initial;--tw-hue-ro
tate:initial;--tw-inver
t:initial;--tw-opacity:
initial;--tw-saturate:i
nitial;--tw-sepia:initi
al;--tw-drop-shadow:ini
tial;--tw-drop-shadow-c
olor:initial;--tw-drop-
shadow-alpha:100%;--tw-
drop-shadow-size:initia
l;--tw-backdrop-blur:in
itial;--tw-backdrop-bri
ghtness:initial;--tw-ba
ckdrop-contrast:initial
;--tw-backdrop-grayscal
e:initial;--tw-backdrop
-hue-rotate:initial;--t
w-backdrop-invert:initi
al;--tw-backdrop-opacit
y:initial;--tw-backdrop
-saturate:initial;--tw-
backdrop-sepia:initial;
--tw-duration:initial;-
-tw-ease:initial;--tw-s
cale-x:1;--tw-scale-y:1
;--tw-scale-z:1;--tw-co
ntent:"";--tw-animation
-delay:0s;--tw-animatio
n-direction:normal;--tw
-animation-duration:ini
tial;--tw-animation-fil
l-mode:none;--tw-animat
ion-iteration-count:1;-
-tw-enter-blur:0;--tw-e
nter-opacity:1;--tw-ent
er-rotate:0;--tw-enter-
scale:1;--tw-enter-tran
slate-x:0;--tw-enter-tr
anslate-y:0;--tw-exit-b
lur:0;--tw-exit-opacity
:1;--tw-exit-rotate:0;-
-tw-exit-scale:1;--tw-e
xit-translate-x:0;--tw-
exit-translate-y:0}}}@l
ayer theme{:root,:host{
--font-sans:var(--font-
geist-sans);--font-mono
:var(--font-geist-mono)
;--color-red-50:oklch(9
7.1% .013 17.38);--colo
r-red-100:oklch(93.6% 
.032 17.717);--color-re
d-200:oklch(88.5% .062 
18.334);--color-red-400
:oklch(70.4% .191 22.21
6);--color-red-500:oklc
h(63.7% .237 25.331);--
color-red-600:oklch(57.
7% .245 27.325);--color
-red-700:oklch(50.5% 
.213 27.518);--color-or
ange-50:oklch(98% .016 
73.684);--color-orange-
100:oklch(95.4% .038 75
.164);--color-orange-50
0:oklch(70.5% .213 47.6
04);--color-orange-600:
oklch(64.6% .222 41.116
);--color-orange-700:ok
lch(55.3% .195 38.402);
--color-amber-50:oklch(
98.7% .022 95.277);--co
lor-amber-100:oklch(96.
2% .059 95.617);--color
-amber-200:oklch(92.4% 
.12 95.746);--color-amb
er-400:oklch(82.8% 
.189 84.429);--color-am
ber-500:oklch(76.9% 
.188 70.08);--color-amb
er-600:oklch(66.6% 
.179 58.318);--color-am
ber-700:oklch(55.5% 
.163 48.998);--color-am
ber-800:oklch(47.3% 
.137 46.201);--color-gr
een-50:oklch(98.2% 
.018 155.826);--color-g
reen-100:oklch(96.2% 
.044 156.743);--color-g
reen-200:oklch(92.5% 
.084 155.995);--color-g
reen-400:oklch(79.2% 
.209 151.711);--color-g
reen-500:oklch(72.3% 
.219 149.579);--color-g
reen-600:oklch(62.7% 
.194 149.214);--color-g
reen-700:oklch(52.7% 
.154 150.069);--color-e
merald-50:oklch(97.9% 
.021 166.113);--color-e
merald-100:oklch(95% 
.052 163.051);--color-e
merald-200:oklch(90.5% 
.093 164.15);--color-em
erald-400:oklch(76.5% 
.177 163.223);--color-e
merald-500:oklch(69.6% 
.17 162.48);--color-eme
rald-600:oklch(59.6% 
.145 163.225);--color-e
merald-700:oklch(50.8% 
.118 165.612);--color-b
lue-50:oklch(97% .014 2
54.604);--color-blue-10
0:oklch(93.2% .032 255.
585);--color-blue-200:o
klch(88.2% .059 254.128
);--color-blue-300:oklc
h(80.9% .105 251.813);-
-color-blue-400:oklch(7
0.7% .165 254.624);--co
lor-blue-500:oklch(62.3
% .214 259.815);--color
-blue-600:oklch(54.6% 
.245 262.881);--color-b
lue-700:oklch(48.8% 
.243 264.376);--color-b
lue-800:oklch(42.4% 
.199 265.638);--color-b
lue-900:oklch(37.9% 
.146 265.522);--color-i
ndigo-100:oklch(93% 
.034 272.788);--color-i
ndigo-500:oklch(58.5% 
.233 277.117);--color-i
ndigo-600:oklch(51.1% 
.262 276.966);--color-i
ndigo-700:oklch(45.7% 
.24 277.023);--color-vi
olet-100:oklch(94.3% 
.029 294.588);--color-v
iolet-600:oklch(54.1% 
.281 293.009);--color-p
urple-100:oklch(94.6% 
.033 307.174);--color-p
urple-300:oklch(82.7% 
.119 306.383);--color-p
urple-400:oklch(71.4% 
.203 305.504);--color-p
urple-600:oklch(55.8% 
.288 302.321);--color-p
urple-700:oklch(49.6% 
.265 301.924);--color-r
ose-100:oklch(94.1% 
.03 12.58);--color-rose
-600:oklch(58.6% .253 1
7.585);--color-slate-50
:oklch(98.4% .003 247.8
58);--color-slate-100:o
klch(96.8% .007 247.896
);--color-slate-200:okl
ch(92.9% .013 255.508);
--color-slate-300:oklch
(86.9% .022 252.894);--
color-slate-400:oklch(7
0.4% .04 256.788);--col
or-slate-500:oklch(55.4
% .046 257.417);--color
-slate-600:oklch(44.6% 
.043 257.281);--color-s
late-700:oklch(37.2% 
.044 257.287);--color-s
late-800:oklch(27.9% 
.041 260.031);--color-s
late-900:oklch(20.8% 
.042 265.755);--color-g
ray-200:oklch(92.8% 
.006 264.531);--color-g
ray-300:oklch(87.2% 
.01 258.338);--color-zi
nc-100:oklch(96.7% 
.001 286.375);--color-z
inc-200:oklch(92% .004 
286.32);--color-zinc-70
0:oklch(37% .013 285.80
5);--color-zinc-900:okl
ch(21% .006 285.885);--
color-black:#000;--colo
r-white:#fff;--spacing:
.25rem;--container-xs:2
0rem;--container-sm:24r
em;--container-md:28rem
;--container-lg:32rem;-
-container-2xl:42rem;--
container-3xl:48rem;--c
ontainer-6xl:72rem;--co
ntainer-7xl:80rem;--tex
t-xs:.75rem;--text-xs--
line-height:calc(1 / .7
5);--text-sm:.875rem;--
text-sm--line-height:ca
lc(1.25 / .875);--text-
base:1rem;--text-base--
line-height:calc(1.5 / 
1);--text-lg:1.125rem;-
-text-lg--line-height:c
alc(1.75 / 1.125);--tex
t-xl:1.25rem;--text-xl-
-line-height:calc(1.75 
/ 1.25);--text-2xl:1.5r
em;--text-2xl--line-hei
ght:calc(2 / 1.5);--tex
t-3xl:1.875rem;--text-3
xl--line-height:calc(2.
25 / 1.875);--text-4xl:
2.25rem;--text-4xl--lin
e-height:calc(2.5 / 2.2
5);--font-weight-medium
:500;--font-weight-semi
bold:600;--font-weight-
bold:700;--font-weight-
black:900;--tracking-ti
ghter:-.05em;--tracking
-tight:-.025em;--tracki
ng-wide:.025em;--tracki
ng-wider:.05em;--tracki
ng-widest:.1em;--leadin
g-tight:1.25;--leading-
relaxed:1.625;--radius-
xs:.125rem;--radius-sm:
calc(var(--radius) - 4p
x);--radius-md:calc(var
(--radius) - 2px);--rad
ius-lg:var(--radius);--
radius-xl:calc(var(--ra
dius) + 4px);--radius-2
xl:calc(var(--radius) 
+ 8px);--shadow-sm:0 
1px 3px 0 #0000001a, 0 
1px 2px -1px #0000001a;
--shadow-md:0 4px 6px 
-1px #0000001a, 0 2px 
4px -2px #0000001a;--sh
adow-lg:0 10px 15px 
-3px #0000001a, 0 4px 
6px -4px #0000001a;--sh
adow-xl:0 20px 25px 
-5px #0000001a, 0 8px 
10px -6px #0000001a;--e
ase-in:cubic-bezier(.4,
 0, 1, 1);--ease-out:cu
bic-bezier(0, 0, .2, 1)
;--ease-in-out:cubic-be
zier(.4, 0, .2, 
1);--animate-spin:spin 
1s linear infinite;--an
imate-ping:ping 1s 
cubic-bezier(0, 0, .2, 
1) infinite;--animate-p
ulse:pulse 2s 
cubic-bezier(.4, 0, 
.6, 1) infinite;--anima
te-bounce:bounce 1s inf
inite;--blur-sm:8px;--b
lur-md:12px;--blur-3xl:
64px;--default-transiti
on-duration:.15s;--defa
ult-transition-timing-f
unction:cubic-bezier(.4
, 0, .2, 1);--default-f
ont-family:var(--font-s
ans);--default-mono-fon
t-family:var(--font-mon
o);--color-background:v
ar(--background);--colo
r-foreground:var(--fore
ground);--color-ring:va
r(--ring);--color-input
:var(--input);--color-b
order:var(--border);--c
olor-destructive:var(--
destructive);--color-ac
cent:var(--accent);--co
lor-accent-foreground:v
ar(--accent-foreground)
;--color-muted:var(--mu
ted);--color-muted-fore
ground:var(--muted-fore
ground);--color-seconda
ry:var(--secondary);--c
olor-secondary-foregrou
nd:var(--secondary-fore
ground);--color-primary
:var(--primary);--color
-primary-foreground:var
(--primary-foreground);
--color-popover:var(--p
opover);--color-popover
-foreground:var(--popov
er-foreground);--color-
card:var(--card);--colo
r-card-foreground:var(-
-card-foreground)}}@lay
er base{*,:after,:befor
e,::backdrop{box-sizing
:border-box;border:0 so
lid;margin:0;padding:0}
::file-selector-button{
box-sizing:border-box;b
order:0 solid;margin:0;
padding:0}html,:host{-w
ebkit-text-size-adjust:
100%;tab-size:4;line-he
ight:1.5;font-family:va
r(--default-font-family
,ui-sans-serif, 
system-ui, sans-serif, 
"Apple Color Emoji", 
"Segoe UI Emoji", 
"Segoe UI Symbol", 
"Noto Color Emoji");fon
t-feature-settings:var(
--default-font-feature-
settings,normal);font-v
ariation-settings:var(-
-default-font-variation
-settings,normal);-webk
it-tap-highlight-color:
transparent}hr{height:0
;color:inherit;border-t
op-width:1px}abbr:where
([title]){-webkit-text-
decoration:underline do
tted;text-decoration:un
derline dotted}h1,h2,h3
,h4,h5,h6{font-size:inh
erit;font-weight:inheri
t}a{color:inherit;-webk
it-text-decoration:inhe
rit;-webkit-text-decora
tion:inherit;-webkit-te
xt-decoration:inherit;t
ext-decoration:inherit}
b,strong{font-weight:bo
lder}code,kbd,samp,pre{
font-family:var(--defau
lt-mono-font-family,ui-
monospace, 
SFMono-Regular, Menlo, 
Monaco, Consolas, 
"Liberation Mono", 
"Courier New", monospac
e);font-feature-setting
s:var(--default-mono-fo
nt-feature-settings,nor
mal);font-variation-set
tings:var(--default-mon
o-font-variation-settin
gs,normal);font-size:1e
m}small{font-size:80%}s
ub,sup{vertical-align:b
aseline;font-size:75%;l
ine-height:0;position:r
elative}sub{bottom:-.25
em}sup{top:-.5em}table{
text-indent:0;border-co
lor:inherit;border-coll
apse:collapse}:-moz-foc
usring{outline:auto}pro
gress{vertical-align:ba
seline}summary{display:
list-item}ol,ul,menu{li
st-style:none}img,svg,v
ideo,canvas,audio,ifram
e,embed,object{vertical
-align:middle;display:b
lock}img,video{max-widt
h:100%;height:auto}butt
on,input,select,optgrou
p,textarea{font:inherit
;font-feature-settings:
inherit;font-variation-
settings:inherit'... 
81281 more characters,
  line: 2,
  column: 36941,
  input: [Object]
}
<w> [webpack.cache.Pack
FileCacheStrategy] 
Skipped not 
serializable cache 
item 'Compilation/modul
es|C:\PROJETOS\pepacorp
\systempeppa\node_modul
es\next\dist\build\webp
ack\loaders\css-loader\
src\index.js??ruleSet[1
].rules[14].oneOf[10].u
se[2]!C:\PROJETOS\pepac
orp\systempeppa\node_mo
dules\next\dist\build\w
ebpack\loaders\postcss-
loader\src\index.js??ru
leSet[1].rules[14].oneO
f[10].use[3]!C:\PROJETO
S\pepacorp\systempeppa\
src\app\globals.css': 
No serializer 
registered for 
PostCSSSyntaxError
<w> while serializing w
ebpack/lib/cache/PackFi
leCacheStrategy.PackCon
tentItems -> webpack/li
b/NormalModule -> webpa
ck/lib/ModuleBuildError
 -> PostCSSSyntaxError
Failed to compile.

./src/app/globals.css:1
:1
Syntax error: 
tailwindcss: C:\PROJETO
S\pepacorp\systempeppa\
src\app\globals.css C:\
PROJETOS\pepacorp\syste
mpeppa\src\app\globals.
css:2:36941: Missed 
semicolon

[1m[31m>[39m[22m[9
0m 1 | 
[39m[36m@import[39m 
[32m"tailwindcss"[39m
[33m;[39m
 [90m   | [39m[1m[3
1m^[39m[22m
 [90m 2 | 
[39m[36m@source[39m 
[32m"../**/*.{ts,tsx}"
[39m[33m;[39m
 [90m 3 | 
[39m[36m@source[39m 
[32m"../../components/
**/*.{ts,tsx}"[39m[33
m;[39m

./src/app/globals.css
Syntax error: 
tailwindcss: C:\PROJETO
S\pepacorp\systempeppa\
src\app\globals.css C:\
PROJETOS\pepacorp\syste
mpeppa\src\app\globals.
css:2:36941: Missed 
semicolon (1:1)

[1m[31m>[39m[22m[9
0m 1 | 
[39m[36m@import[39m 
[32m"tailwindcss"[39m
[33m;[39m
 [90m   | [39m[1m[3
1m^[39m[22m
 [90m 2 | 
[39m[36m@source[39m 
[32m"../**/*.{ts,tsx}"
[39m[33m;[39m
 [90m 3 | 
[39m[36m@source[39m 
[32m"../../components/
**/*.{ts,tsx}"[39m[33
m;[39m

    at 
tryRunOrWebpackError (C
:\PROJETOS\pepacorp\sys
tempeppa\node_modules\n
ext\dist\compiled\webpa
ck\bundle5.js:29:316119
)
    at __webpack_requir
e_module__ (C:\PROJETOS
\pepacorp\systempeppa\n
ode_modules\next\dist\c
ompiled\webpack\bundle5
.js:29:131532)
    at __nested_webpack
_require_161494__ (C:\P
ROJETOS\pepacorp\system
peppa\node_modules\next
\dist\compiled\webpack\
bundle5.js:29:130967)
    at C:\PROJETOS\pepa
corp\systempeppa\node_m
odules\next\dist\compil
ed\webpack\bundle5.js:2
9:131824
    at symbolIterator (
C:\PROJETOS\pepacorp\sy
stempeppa\node_modules\
next\dist\compiled\neo-
async\async.js:1:14444)
    at done (C:\PROJETO
S\pepacorp\systempeppa\
node_modules\next\dist\
compiled\neo-async\asyn
c.js:1:14824)
    at Hook.eval [as 
callAsync] (eval at 
create (C:\PROJETOS\pep
acorp\systempeppa\node_
modules\next\dist\compi
led\webpack\bundle5.js:
14:9224), 
<anonymous>:15:1)
    at Hook.CALL_ASYNC_
DELEGATE [as 
_callAsync] (C:\PROJETO
S\pepacorp\systempeppa\
node_modules\next\dist\
compiled\webpack\bundle
5.js:14:6378)
    at C:\PROJETOS\pepa
corp\systempeppa\node_m
odules\next\dist\compil
ed\webpack\bundle5.js:2
9:130687
    at symbolIterator (
C:\PROJETOS\pepacorp\sy
stempeppa\node_modules\
next\dist\compiled\neo-
async\async.js:1:14402)
-- inner error --
Syntax error: 
tailwindcss: C:\PROJETO
S\pepacorp\systempeppa\
src\app\globals.css C:\
PROJETOS\pepacorp\syste
mpeppa\src\app\globals.
css:2:36941: Missed 
semicolon (1:1)

[1m[31m>[39m[22m[9
0m 1 | 
[39m[36m@import[39m 
[32m"tailwindcss"[39m
[33m;[39m
 [90m   | [39m[1m[3
1m^[39m[22m
 [90m 2 | 
[39m[36m@source[39m 
[32m"../**/*.{ts,tsx}"
[39m[33m;[39m
 [90m 3 | 
[39m[36m@source[39m 
[32m"../../components/
**/*.{ts,tsx}"[39m[33
m;[39m

    at 
Object.<anonymous> (C:\
PROJETOS\pepacorp\syste
mpeppa\node_modules\nex
t\dist\build\webpack\lo
aders\css-loader\src\in
dex.js??ruleSet[1].rule
s[14].oneOf[10].use[2]!
C:\PROJETOS\pepacorp\sy
stempeppa\node_modules\
next\dist\build\webpack
\loaders\postcss-loader
\src\index.js??ruleSet[
1].rules[14].oneOf[10].
use[3]!C:\PROJETOS\pepa
corp\systempeppa\src\ap
p\globals.css:1:7)
    at C:\PROJETOS\pepa
corp\systempeppa\node_m
odules\next\dist\compil
ed\webpack\bundle5.js:2
9:962717
    at Hook.eval [as 
call] (eval at create (
C:\PROJETOS\pepacorp\sy
stempeppa\node_modules\
next\dist\compiled\webp
ack\bundle5.js:14:9002)
, <anonymous>:7:1)
    at 
Hook.CALL_DELEGATE [as 
_call] (C:\PROJETOS\pep
acorp\systempeppa\node_
modules\next\dist\compi
led\webpack\bundle5.js:
14:6272)
    at C:\PROJETOS\pepa
corp\systempeppa\node_m
odules\next\dist\compil
ed\webpack\bundle5.js:2
9:131565
    at 
tryRunOrWebpackError (C
:\PROJETOS\pepacorp\sys
tempeppa\node_modules\n
ext\dist\compiled\webpa
ck\bundle5.js:29:316073
)
    at __webpack_requir
e_module__ (C:\PROJETOS
\pepacorp\systempeppa\n
ode_modules\next\dist\c
ompiled\webpack\bundle5
.js:29:131532)
    at __nested_webpack
_require_161494__ (C:\P
ROJETOS\pepacorp\system
peppa\node_modules\next
\dist\compiled\webpack\
bundle5.js:29:130967)
    at C:\PROJETOS\pepa
corp\systempeppa\node_m
odules\next\dist\compil
ed\webpack\bundle5.js:2
9:131824
    at symbolIterator (
C:\PROJETOS\pepacorp\sy
stempeppa\node_modules\
next\dist\compiled\neo-
async\async.js:1:14444)

Generated code for C:\P
ROJETOS\pepacorp\system
peppa\node_modules\next
\dist\build\webpack\loa
ders\css-loader\src\ind
ex.js??ruleSet[1].rules
[14].oneOf[10].use[2]!C
:\PROJETOS\pepacorp\sys
tempeppa\node_modules\n
ext\dist\build\webpack\
loaders\postcss-loader\
src\index.js??ruleSet[1
].rules[14].oneOf[10].u
se[3]!C:\PROJETOS\pepac
orp\systempeppa\src\app
\globals.css

Import trace for 
requested module:
./src/app/globals.css


> Build failed because 
of webpack errors
